<html>
<body>
<pre>
<h1>µVision Build Log</h1>
<h2>Tool Versions:</h2>
IDE-Version: ¦ÌVision V5.26.2.0
Copyright (C) 2018 ARM Ltd and ARM Germany GmbH. All rights reserved.
License Information: Zhu Zhu, ACFly, LIC=32B1Q-NSJ3M-UHC8H-WD5C8-RG796-MN7QJ
 
Tool Versions:
Toolchain:       MDK-ARM Plus  Version: 5.26.2.0
Toolchain Path:  C:\Programs\Keil_v5\ARM\ARMCompiler6.14\Bin
C Compiler:      ArmClang.exe V6.14
Assembler:       Armasm.exe V6.14
Linker/Locator:  ArmLink.exe V6.14
Library Manager: ArmAr.exe V6.14
Hex Converter:   FromElf.exe V6.14
CPU DLL:         SARMCM3.DLL V5.26.2.0
Dialog DLL:      DCM.DLL V1.17.2.0
Target DLL:      STLink\ST-LINKIII-KEIL_SWO.dll V3.0.5.0
Dialog DLL:      TCM.DLL V1.36.1.0
 
<h2>Project:</h2>
E:\MyPorgramme\KeilProject\H7\ACFly Prophet V10\ACFly Prophet V10 20201228-publish\ACFly.uvprojx
Project File Date:  12/31/2020

<h2>Output:</h2>
*** Using Compiler 'V6.14', folder: 'C:\Programs\Keil_v5\ARM\ARMCompiler6.14\Bin'
Rebuild target 'Target 1'
assembling startup_stm32h743xx.s...
compiling system_stm32h7xx.c...
compiling stm32h7xx_hal_msp.c...
compiling Font.cpp...
compiling stm32h7xx_hal_cortex.c...
compiling stm32h7xx_hal.c...
compiling Basic.cpp...
compiling TimeBase.cpp...
compiling InternalStorage.cpp...
compiling GUI.cpp...
compiling main.cpp...
compiling GUI_Images.cpp...
compiling stm32h7xx_hal_rcc.c...
compiling stm32h7xx_hal_tim_ex.c...
compiling stm32h7xx_hal_flash.c...
compiling stm32h7xx_hal_flash_ex.c...
compiling Missions.cpp...
compiling stm32h7xx_hal_hsem.c...
compiling stm32h7xx_hal_rcc_ex.c...
compiling stm32h7xx_hal_gpio.c...
compiling stm32h7xx_hal_tim.c...
compiling SDStorage.cpp...
compiling stm32h7xx_hal_dma_ex.c...
compiling stm32h7xx_hal_pwr.c...
compiling stm32h7xx_hal_dma.c...
compiling stm32h7xx_hal_pwr_ex.c...
compiling stm32h7xx_hal_i2c_ex.c...
compiling stm32h7xx_hal_mdma.c...
compiling stm32h7xx_hal_exti.c...
compiling stm32h7xx_hal_pcd_ex.c...
compiling stm32h7xx_ll_delayblock.c...
compiling stm32h7xx_hal_pcd.c...
compiling croutine.c...
compiling stm32h7xx_hal_sd_ex.c...
compiling event_groups.c...
compiling list.c...
compiling stm32h7xx_ll_sdmmc.c...
compiling stm32h7xx_ll_usb.c...
compiling stream_buffer.c...
compiling heap_4.c...
compiling port.c...
compiling stm32h7xx_hal_sd.c...
compiling timers.c...
compiling queue.c...
compiling stm32h7xx_hal_i2c.c...
compiling static_mem.c...
compiling tasks.c...
compiling cpu_load.cpp...
compiling Parameters.cpp...
compiling cmsis_os.c...
compiling drv_Uart1.cpp...
compiling drv_Uart3.cpp...
compiling drv_Uart5.cpp...
compiling drv_LED.cpp...
compiling drv_Uart7.cpp...
compiling drv_Uart8.cpp...
compiling drv_USB.cpp...
compiling drv_RCSbus.cpp...
compiling drv_Sensors.cpp...
compiling drv_Main.cpp...
compiling drv_SDMMC.cpp...
compiling drv_ExtIIC.cpp...
compiling drv_RCPPM.cpp...
compiling drv_Flash.cpp...
compiling drv_Oled.cpp...
compiling drv_OpticalFlow.cpp...
compiling drv_PWMOut.cpp...
compiling diskio.c...
compiling drv_ExtLed.cpp...
compiling drv_ExtMag.cpp...
compiling drv_Ultrasonic.cpp...
compiling bsp_driver_sd.c...
compiling drv_TFMini.cpp...
compiling fatfs.c...
compiling drv_GPS.cpp...
compiling drv_ExtSPL06.cpp...
compiling Receiver.cpp...
compiling ff_gen_drv.c...
compiling flash_diskio.c...
compiling ffsystem.c...
compiling Sensors.cpp...
compiling drv_ADC.cpp...
compiling math_common_tables.cpp...
compiling drv_SDI.cpp...
compiling sd_diskio.c...
compiling ffunicode.c...
compiling Mavlink.cpp...
compiling Debug.cpp...
compiling MS_Main.cpp...
compiling MavlinkCMDProcess.cpp...
compiling M11_TempCalib.cpp...
compiling M30_AttCtrl.cpp...
compiling MavlinkRCProcess.cpp...
compiling M10_RCCalib.cpp...
compiling Modes.cpp...
compiling MavlinkSendFuncs.cpp...
compiling M12_AccCalib.cpp...
compiling M13_MagCalib.cpp...
compiling M32_PosCtrl.cpp...
compiling MSafe.cpp...
compiling ff.c...
compiling M35_Auto1.cpp...
compiling InFlightCmdProcess.cpp...
compiling Commulink.cpp...
compiling NavCmdProcess.cpp...
compiling AuxFuncs.cpp...
compiling ctrl_Main.cpp...
compiling Ctrl_Attitude.cpp...
compiling ctrl_Position.cpp...
linking...
Program Size: Code=390216 RO-data=281972 RW-data=543108 ZI-data=60648  
FromELF: creating hex file...
".\Objects\ACFly.axf" - 0 Error(s), 0 Warning(s).

<h2>Software Packages used:</h2>

Package Vendor: Keil
                https://www.keil.com/pack/Keil.STM32H7xx_DFP.2.4.0.pack
                Keil.STM32H7xx_DFP.2.4.0
                STMicroelectronics STM32H7 Series Device Support and Examples

<h2>Collection of Component include folders:</h2>
  .\RTE\_Target_1
  C:\Programs\Keil_v5\ARM\PACK\Keil\STM32H7xx_DFP\2.4.0\Drivers\CMSIS\Device\ST\STM32H7xx\Include

<h2>Collection of Component Files used:</h2>
Build Time Elapsed:  00:00:14
</pre>
</body>
</html>
